/Users/ownding/Documents/develop/vision/blender/build_home.py:77: DeprecationWarning: 'Material.use_nodes' is expected to be removed in Blender 6.0
  m=bpy.data.materials.new(name); m.diffuse_color=rgba(color); m.use_nodes=True
BUILDING architecture.py
Architecture complete 1669
BUILDING furniture.py
Room furniture complete 2885
BUILDING wet_rooms.py
Kitchen and bathrooms complete 3400
BUILDING details.py
Hardware and lived-in detail complete 4025
BUILDING refine.py
Relaxing bed linen 5 /22
Relaxing bed linen 10 /22
Relaxing bed linen 15 /22
Relaxing bed linen 20 /22
Static cloth baked and intersections reduced
BUILDING finish_scene.py
/Users/ownding/Documents/develop/vision/blender/finish_scene.py:98: DeprecationWarning: 'World.use_nodes' is expected to be removed in Blender 6.0
  world=bpy.data.worlds.new('Soft neutral daylight'); world.use_nodes=True; SC.world=world
Info: Saved as "Larktun_Home.blend"
SAVED {"objects": 4197, "meshes": 3367, "materials": 40, "rooms": 13, "doors": 13, "windows": 10, "cameras": 15, "renderable_character_proxies": 0, "wall_height_m": 2.8, "cutaway_height_m": 1.15, "source_dimensions_m": [13.2, 8.6], "local_circulation_repairs": true}
Blender 5.2.1 LTS (hash 9e2066aef7ef built 2026-08-25 01:35:57)

Blender quit
